<area shape="rect" href="$classrenderer_1_1RenderingAPIDriver.html" title="The abstraction class for generally used rendering commands." alt="" coords="8,884,240,2388">
<area shape="rect" href="$classcore_1_1drivermodel_1_1Driver.html" title="This class is a base class for all engine drivers." alt="" coords="164,228,356,311">
<area shape="rect" href="$classcore_1_1multithreading_1_1Mutex.html" title="This is implementation independent abstraction of mutex concept." alt="" coords="35,723,248,859">
<area shape="rect" href="$classcore_1_1multithreading_1_1Thread.html" title="Platform independent abstraction of thread of execution." alt="" coords="272,723,488,859">
<area shape="rect" href="$classEngineSubsystem.html" title="This class corrects memory management routines for any engine class except EngineCore..." alt="" coords="481,5,657,176">
<area shape="rect" href="$classcore_1_1taskmanager_1_1TaskManager.html" title="This class is a manger for task routines." alt="" coords="315,2413,560,2723">
<area shape="rect" href="$classcore_1_1filesystem_1_1Filesystem.html" title="This is a filesystem representation class." alt="" coords="545,337,761,697">
<area shape="rect" href="$classresources_1_1ResourceManager.html" title="Resource manager subsytem." alt="" coords="768,415,987,620">
